21:50:12 [info] 请在弹出窗口登录一次。登录后窗口会自动收起
21:54:33 [info] 卖家中心已登录，浏览器已收起。填表过程请看执行页进度
21:55:18 [info] 卖家中心已登录，浏览器已收起。填表过程请看执行页进度
23:01:41 [info] 请在弹出窗口登录一次。登录后窗口会自动收起
23:02:50 [info] 已导入 商品清单.xlsx：2 条，通过 2 条
23:02:50 [info] 已打开工作空间 中性笔：2 条，新增 2 款
23:04:26 [info] 已恢复上次工作空间 中性笔，可直接继续入库
23:04:34 [info] 请在弹出窗口登录一次。登录后窗口会自动收起
23:04:39 [info] 已导入 商品清单.xlsx：2 条，通过 2 条
23:04:39 [info] 已打开工作空间 中性笔：2 条
23:04:48 [info] 继续上次：2 条，放入仓库，确认提交到仓库，第一条可续跑当前页，其后新开类目页
23:04:53 [info] 正在填写第 2 行 晨光大美之诗静音按动中性笔书写行家速干水笔中国风ins高颜值学生考试刷题ST头按压式签字笔黑色0.5AGPK3319
23:05:11 [info] 晨光大美之诗静音按动中性笔书写行家速干水笔中国风ins高颜值学生考试刷题ST头按压式签字笔黑色0.5AGPK3319 · 定位填写页
23:05:22 [info] 晨光大美之诗静音按动中性笔书写行家速干水笔中国风ins高颜值学生考试刷题ST头按压式签字笔黑色0.5AGPK3319 · 选择类目
23:05:45 [info] 晨光大美之诗静音按动中性笔书写行家速干水笔中国风ins高颜值学生考试刷题ST头按压式签字笔黑色0.5AGPK3319 · 填写属性
23:07:17 [info] 晨光大美之诗静音按动中性笔书写行家速干水笔中国风ins高颜值学生考试刷题ST头按压式签字笔黑色0.5AGPK3319 · 填写规格
23:12:14 [info] 晨光大美之诗静音按动中性笔书写行家速干水笔中国风ins高颜值学生考试刷题ST头按压式签字笔黑色0.5AGPK3319 · 规格图
23:32:03 [error] 晨光大美之诗静音按动中性笔书写行家速干水笔中国风ins高颜值学生考试刷题ST头按压式签字笔黑色0.5AGPK3319 失败: 页面操作超时，请重试
23:32:03 [error] 晨光大美之诗静音按动中性笔书写行家速干水笔中国风ins高颜值学生考试刷题ST头按压式签字笔黑色0.5AGPK3319 · 本条结束 失败 页面操作超时，请重试
23:32:04 [info] 正在填写第 3 行 晨光大美之诗静音按动中性笔刷题笔高颜值学生用0.5st笔头黑笔速干办公中国风签字笔小分贝碳素考试专用K3319
23:32:17 [info] 晨光大美之诗静音按动中性笔刷题笔高颜值学生用0.5st笔头黑笔速干办公中国风签字笔小分贝碳素考试专用K3319 · 定位填写页
23:32:27 [info] 晨光大美之诗静音按动中性笔刷题笔高颜值学生用0.5st笔头黑笔速干办公中国风签字笔小分贝碳素考试专用K3319 · 选择类目
23:32:50 [info] 晨光大美之诗静音按动中性笔刷题笔高颜值学生用0.5st笔头黑笔速干办公中国风签字笔小分贝碳素考试专用K3319 · 填写属性
23:33:34 [info] 晨光大美之诗静音按动中性笔刷题笔高颜值学生用0.5st笔头黑笔速干办公中国风签字笔小分贝碳素考试专用K3319 · 填写规格
23:36:45 [info] 晨光大美之诗静音按动中性笔刷题笔高颜值学生用0.5st笔头黑笔速干办公中国风签字笔小分贝碳素考试专用K3319 · 规格图
20:51:12 [info] 已恢复上次工作空间 中性笔，可直接继续入库
20:51:25 [info] 请在弹出窗口登录一次。登录后窗口会自动收起
20:51:43 [info] 已导入 商品清单.xlsx：2 条，通过 2 条
20:51:43 [info] 已打开工作空间 中性笔：2 条
20:51:50 [info] 继续上次：2 条，放入仓库，确认提交到仓库，第一条可续跑当前页，其后新开类目页
20:51:56 [info] 正在填写第 2 行 晨光大美之诗静音按动中性笔书写行家速干水笔中国风ins高颜值学生考试刷题ST头按压式签字笔黑色0.5AGPK3319
20:52:02 [info] 晨光大美之诗静音按动中性笔书写行家速干水笔中国风ins高颜值学生考试刷题ST头按压式签字笔黑色0.5AGPK3319 · 定位填写页
20:52:03 [info] 晨光大美之诗静音按动中性笔书写行家速干水笔中国风ins高颜值学生考试刷题ST头按压式签字笔黑色0.5AGPK3319 · 检查已填内容
20:52:26 [info] 晨光大美之诗静音按动中性笔书写行家速干水笔中国风ins高颜值学生考试刷题ST头按压式签字笔黑色0.5AGPK3319 · 选择类目
20:52:46 [info] 晨光大美之诗静音按动中性笔书写行家速干水笔中国风ins高颜值学生考试刷题ST头按压式签字笔黑色0.5AGPK3319 · 填写属性
20:54:16 [info] 晨光大美之诗静音按动中性笔书写行家速干水笔中国风ins高颜值学生考试刷题ST头按压式签字笔黑色0.5AGPK3319 · 填写规格
20:59:09 [info] 晨光大美之诗静音按动中性笔书写行家速干水笔中国风ins高颜值学生考试刷题ST头按压式签字笔黑色0.5AGPK3319 · 规格图
